g++ -DTRACE_UNTESTED -g -O0 -fPIC  -I../include test_cs0.cc -o test_cs0.o -c
g++ -shared  -I../include test_cs0.o  -o test_cs0.so
rm test_cs0.o

demo #() dut ();
vsource #() v1 (.p(1),.n(0));
vsource #(.dc(1)) v2 (.p(2),.n(0));
#           i0(dut)    v0(dut)    v1(dut)   
 0.         1.         0.         1.        
 0.1        1.         0.1        1.        
 0.2        1.         0.2        1.        
 0.3        1.         0.3        1.        
 0.4        1.         0.4        1.        
 0.5        1.         0.5        1.        
 0.6        1.         0.6        1.        
 0.7        1.         0.7        1.        
 0.8        1.         0.8        1.        
 0.9        1.         0.9        1.        
 1.         1.         1.         1.        
