... st()

	analog begin
		$strobetypo(0);
	end

endmodule

                                        ^ ? bad discipline
