... ameter real a=1;
	parameter real a=1;
                     ^ ? already declared
