// paramsets
module my_res(a, b);
  electrical a, b;
  parameter real r =  1.;
  localparam real __r = r;
  localparam real __l = __r;

  analog begin
    I(a, b) <+ (V(a, b) / __l);
  end

endmodule

