module dep0(d, g);
  inout d, g;
  electrical d, g;
  analog begin : main // always
    // S : 1
    // T : 0
    // c : 0
    real c;
    real T;
    real S;
    S = T; // s3
    while (1) begin
      // T : 1
      // c : 1
      c = T; // dep: _potential_b_g_ s3
      T = V(g); // dep: _potential_b_g_ s1
    end
    S = T; // dep: _potential_b_g_ s3
  end

endmodule



