nature current
  access = "I";
  units = "A";
  abstol = "0.001234";
endnature

nature voltage
  access = "V";
  units = "V";
  abstol = "0.0004321";
endnature


discipline electrical
  potential "voltage";
  flow "current";
enddiscipline


module test(d, g, s, b);
  electrical d, g;
  real   T;
  real   U;

  analog begin
    T = 0.;
    T = 0.;
    T = 0.;
    T =  0.;
    T =  0.;
    T =  0.;
    T =  0.;
    T =  0.;
    T =  0.;
    T =  0.;
    T = 0.;
    T = 0.;
  end

endmodule



