nature Current
  units = "A";
  access = "I";
  idt_nature = "Charge";
  abstol = "1e-12";
endnature

nature Charge
  units = "coul";
  access = "Q";
  ddt_nature = "Current";
  abstol = "1e-14";
endnature

nature Voltage
  units = "V";
  access = "V";
  idt_nature = "Flux";
  abstol = "1e-6";
endnature


discipline electrical
  potential "Voltage";
  flow "Current";
enddiscipline


module branchtest(a, b);
  electrical a, b, c;
  branch (a, b) mybr1, mybr1_alias;
  branch (c, b) mybr2;
  branch (b, c) mybr3;
  analog begin
    I(a, b) <+ 1;
    I(b, a) <+ 2;
    I(mybr2) <+ 3;
    I(mybr3) <+ 4;
  end

endmodule



