dump_define.2.vapp:1:
`define B 2 
        ^ ? already defined: B 2 




module aa 
parameter real b= 2  ; 
endmodule 

