module shadow(p, n);
  inout p, n;
  electrical p, n;
  (* desc="1" *)
  real i;

  analog begin
    V(p, n) <+ 0.;
  end
  analog begin
  end

endmodule



// paramsets
module my_sh(p, n);
  electrical p, n;
  (* desc="1" *)
  real __i;

  analog begin
    V(p, n) <+  0.;
  end

  analog begin
  end

endmodule

