
module test()
analog begin
$strobe("an %f escaped \"`string\" test.", arg);
end
endmodule

