module dep0(d, g);
  inout d, g;
  electrical d, g;
  analog begin : main // always
    // S : 0
    // T : 1
    // U : 1
    real T;
    real S;
    real U;
    T = T; // dep: _potential_b_g_ s4 r2
    U = T; // dep: _potential_b_g_ s5 r2
    while (1) begin
      // S : 1
      // T : 1
      S = T; // dep: _potential_b_g_ s5 r2
      T = V(g); // dep: _potential_b_g_ s1 r2
    end
    T = T; // dep: _potential_b_g_ s4 r2
  end

endmodule



