... ical n, p;
 analog begin
  XS(n, p) <+ 17.
             ^ ? bad access
