... r();
endmodule;

paramset const_res resistor;
                     ^ ? too many
