... ctrical a, b, c;
ground c; 
ground x; 
endmodule

                                        ^ ? ground: need previously declared net
