running modelgen in insensitive mode
parameter r=1 
parameter v=0 
test_ddt5b #() dut (.p(1),.n(0),.x(x));
vsine #(.ampl(1),.samples(10)) v1 (.p(1),.n(0));
#Time       v(1)       v(x)       i(v1)      d0(dut)    iter(0)   
 0.         0.         0.         ??         0.         3.        
 1.6745n    10.521n    0.62832    ??         0.62832    24.       
 2.7745n    17.433n    0.62832    ??         0.62832    3.        
 0.041667   0.25882    0.61401    ??         0.61401    3.        
 0.083333   0.5        0.54366    ??         0.54366    3.        
 0.125      0.70711    0.45046    ??         0.45046    3.        
 0.1875     0.92388    0.24322    ??         0.24322    3.        
 0.25       1.         369.53u    ??         369.54u    3.        
 0.3125     0.92388   -0.24395    ??        -0.24395    3.        
 0.41071    0.53203   -0.55399    ??        -0.55399    3.        
 0.50893   -0.05607   -0.6436     ??        -0.6436     3.        
 0.57031   -0.42755   -0.56676    ??        -0.56676    3.        
 0.6317    -0.73622   -0.43894    ??        -0.43894    3.        
 0.69308   -0.93673   -0.21434    ??        -0.21434    3.        
 0.75446   -0.99961    0.009466   ??         0.009466   3.        
 0.81585   -0.91562    0.26416    ??         0.26416    3.        
 0.90792   -0.54679    0.53698    ??         0.53698    3.        
 1.         14.f       0.65072    ??         0.65072    3.        
Gnucap   System status
iterations: op=0, dc=0, tran=75, fourier=0, total=100
transient timesteps: accepted=18, rejected=7, total=25
nodes: user=2, subckt=0, model=2, total=4
dctran density=75.0%, ac density=75.0%
