#Time       v(1)       v(2)      
 0.         0.58779    0.58779   
 0.01       0.63742    0.59779   
 0.02       0.68455    0.60779   
 0.062609   0.853      0.65039   
 0.15635    0.9992     0.74413   
 0.29696    0.60315    0.60352   
 0.43757   -0.23384    0.46292   
 0.57817   -0.89988    0.32231   
 0.71878   -0.90806    0.1817    
 0.85939   -0.25239    0.04109   
 0.91122    0.07041    0.07041   
 1.         0.58779    0.15919   
