test_sw0 #() dut (.p(1),.n(0));
parameter v=0 
vsource #(.dc(v)) v1 (.p(1),.n(0));
#           v(1)       i(v1)      st(dut)    iter(0)   
-3.        -3.         0.         0.         3.        
-2.        -2.         0.         0.         3.        
-1.        -1.         0.         0.         3.        
 0.         0.         0.         0.         3.        
 1.         0.99999   -0.99999    1.         4.        
 2.         2.        -2.         1.         3.        
 3.         3.        -3.         1.         3.        
 2.         2.        -2.         1.         3.        
 1.         0.99999   -0.99999    1.         3.        
 0.         0.         0.         0.         4.        
-1.        -1.         0.         0.         3.        
-2.        -2.         0.         0.         3.        
-3.        -3.         0.         0.         3.        
