parameter v=0 
test_current1 #() dut (.p(1),.n(0),.c(2));
resistor #(.r(1)) v1 (.p(1),.n(0));
#           i(dut)     v(1)       v(2)      
 0.         0.         0.         0.        
-1.         1.        -1.         1.        
-2.         1.        -1.         1.        
 0.         1.        -1.         1.        
 0.         1.        -1.         1.        
-1.         1.        -1.         1.        
 0.5        1.        -1.         1.        
 0.         1.        -1.         1.        
-1.         1.        -1.         1.        
 1.         1.        -1.         1.        
