parameter v=1 
test_dep1 #() dut (.p(1),.n(0));
vsource #(.dc(v)) v1 (.p(1),.n(0));
#           i(v1)      p(dut)    
 0.        -0.99999    1.        
