test_timer3g #() dut0 (.p(1),.n(0));
// reject #(.time(.9)) r(); 
#Time       v(1)       state(dut0) iter(0)    control(0)
time0 0 0
 0.         1.         1.         3.         1.        
time0 0.03 1
 0.03       1.         1.         3.         9.        
time0 1 1
 1.         0.         0.         3.         2.        
time0 2 0
 2.         1.         1.         3.         2.        
time0 3 1
 3.         0.         0.         3.         1.        
#           v(1)       state(dut0) iter(0)   
time0 0 0
 0.         1.         1.         3.        
#Time       v(1)       state(dut0) iter(0)    control(0)
time0 0 1
 0.         0.         0.         3.         1.        
time0 0.03 0
 0.03       0.         0.         3.         9.        
time0 1 0
 1.         1.         1.         3.         2.        
time0 2 1
 2.         0.         0.         3.         2.        
time0 3 0
 3.         1.         1.         3.         1.        
