test_timer3h #() dut0 (.p(1),.n(0));
reject #() r ();
#Time       v(1)       mytime(dut0) iter(0)    control(0)
 0.         0.         1.         2.         1.        
 0.04       0.         1.         2.         9.        
evt 1
 1.         0.         2.         2.         2.        
evt 2
 2.         0.         3.         2.         2.        
evt 3
 3.         0.         4.         2.         2.        
evt 4
 4.         0.         5.         2.         1.        
#           v(1)       iter(0)   
 0.         0.         2.        
#Time       v(1)       mytime(dut0) iter(0)    control(0)
 0.         0.         5.         2.         1.        
 0.059524   0.         5.         2.         9.        
 2.5298     0.         5.         4.         17.       
evt 5
 5.         0.         6.         2.         2.        
evt 6
 6.         0.         7.         2.         1.        
