#           m(a)       m(b)      
 0.         1.         4.        
Gnucap   System status
iterations: op=0, dc=2, tran=0, fourier=0, total=2
transient timesteps: accepted=0, rejected=0, total=0
nodes: user=1, subckt=0, model=0, total=1
dctran density=100.0%, ac density=100.0%
