parameter r=1 
parameter v=0 
test_zi_nd1 #() dut (.p(1),.n(0));
vsine #(.ampl(1),.dc(v)) v1 (.p(1),.n(0));
#Time       v(1)       dv1(dut)   dv2(dut)   dv3(dut)   dv4(dut)   dv5(dut)  
 0.         0.         0.         0.         0.         0.         0.        
 0.01       0.062791   0.         0.         0.         0.         0.        
 0.2        0.95106    0.         0.         0.         0.         0.        
 0.21       0.96858    0.95106    1.9021     2.8532     3.8042     4.7553    
 0.4        0.58779    0.95106    1.9021     2.8532     3.8042     4.7553    
 0.41       0.53583    0.58779    1.1756     1.7634     2.3511     2.9389    
 0.6       -0.58779    0.58779    1.1756     1.7634     2.3511     2.9389    
 0.61      -0.63742   -2.4899    -4.9798    -7.4697    -9.9596    -12.449    
 0.8       -0.95106   -2.4899    -4.9798    -7.4697    -9.9596    -12.449    
 0.81      -0.92978   -2.1266    -4.2533    -6.3799    -8.5065    -10.633    
 1.         14.f      -2.1266    -4.2533    -6.3799    -8.5065    -10.633    
Gnucap   System status
iterations: op=0, dc=0, tran=33, fourier=0, total=44
transient timesteps: accepted=11, rejected=0, total=11
nodes: user=1, subckt=0, model=6, total=7
dctran density=38.8%, ac density=38.8%
