load ./hicumL2V2p11.so 
     ^ ? plugin not found in .
